// Jest Snapshot v1, https://goo.gl/fbAQLP

exports[`Person should match the snapshot with all data passed in correctly 1`] = `
<section
  className="section-person"
>
  <img
    className="section-img"
    src="jacob.png"
  />
  <h3
    className="section-h3"
    contentEditable="true"
    suppressContentEditableWarning={true}
  >
    Jacob
  </h3>
  <h4
    className="section-h4"
    contentEditable="true"
    suppressContentEditableWarning={true}
  >
    "
    Do a good deed daily
    "
  </h4>
  <h5
    className="section-h5"
    contentEditable="true"
    suppressContentEditableWarning={true}
  >
    test superlative
  </h5>
  <button
    className="Person-button"
    onClick={[Function]}
  >
    Delete
  </button>
</section>
`;
